<project version="4">
  <component name="ProjectModuleManager">
    <modules>
      <module filepath="$PROJECT_DIR$/.idea_modules/project.iml" fileurl="file://$PROJECT_DIR$/.idea_modules/project.iml"></module>
      <module filepath="$PROJECT_DIR$/.idea_modules/root-project.iml" fileurl="file://$PROJECT_DIR$/.idea_modules/root-project.iml"></module>
      <module filepath="$PROJECT_DIR$/.idea_modules/dependency-root.iml" fileurl="file://$PROJECT_DIR$/.idea_modules/dependency-root.iml"></module>
    </modules>
  </component>
</project>
